[00:55:32] :mglwin pid now=16893 (check 1's session ran in pid=16893)
[00:55:32] === session 2 in the same process: OpenRA on-screen
[00:55:44] second session rc=0
rc=0
result.json: {'passed': True, 'statusCode': 0, 'ssim': 1.0, 'message': 'retrace completed; ssim=1.000000, ssimThreshold=0.990000, mismatchPixels=0, matchedGoldenPath=/home/swung/w7/p7w7-tree-29b7b284/tools/trace_replay/fixtures/openra.0000031249.png', 'matchedGoldenPath': '/home/swung/w7/p7w7-tree-29b7b284/tools/trace_replay/fixtures/openra.0000031249.png'}
      2 [00:55:32] [Linux mobilegl_trace_/INFO]: MG_Remote client: surface=window 640x480 owner=server (MOBILEGL_IPC_SURFACE=server, 640x480 requested)
      1 [12:55:35] [Android mgl-srv-apply/INFO]: MG_Remote server: surface=window 640x480 owner=server (ServerOwned seq 6, window 0xb40000789ac32cb0 generation 1)
      1 [12:55:35] [Android mgl-srv-apply/INFO]: MG_Remote server: surface=window 640x480 owner=server (ServerOwned seq 2, window 0xb40000789ac32cb0 generation 1)
      1 [00:55:32] [Linux mobilegl_trace_/INFO]: MG_Remote client: control=tcp data=stream server=127.0.0.1:40613 pid=16893 dial=connect
<stdin>:15: DeprecationWarning: Image.Image.getdata is deprecated and will be removed in Pillow 14 (2027-10-15). Use get_flattened_data instead.
10 t=+ 10.86s..+ 11.57s during=False nonblack=0.340 mean=30.0
BEST during-replay screencap: 02.png at +2.37s nonblack=0.090 mean=5.4 -> /home/swung/w7/logs/p12/device/3-sequential-and-busy/second/evidence-during-replay.png
[00:55:45] Welcome server pids seen by the two clients (check 1, this one):
      2 control=tcp data=stream server=127.0.0.1:40613 pid=16893
[00:55:45] === Busy: a long on-screen session (minecraft-1.21.4-startup), then a second authenticated client
[00:55:46] long session is on screen
[00:55:48] long session still live - starting the second client
/home/swung/w7/notes/p12/android/dev.sh: line 60: 3978928 Aborted                    env -u DISPLAY -u WAYLAND_DISPLAY -u MOBILEGL_IPC_SURFACE MOBILEGL_TRANSPORT=spawn MOBILEGL_IPC_CONTROL="$ENDPOINT" MOBILEGL_IPC_DATA=stream MOBILEGL_IPC_TOKEN="$TOKEN" MOBILEGL_IPC_REQUIRE_SAME_BUILD=1 MOBILEGL_IPC_LOG_FORWARD=1 MOBILEGL_LOG_FILE_PATH="$dir/output/mobilegl.log" "$@" timeout 900 "$HOST/mobilegl_trace_replay" --trace "$dir/input/$trace" --golden "$FIX/$golden" --diff "$dir/output/$case-diff.png" --output "$dir/output" --backend "$backend" --mobilegl-library "$HOST/libMobileGL.so" --target-call "$target" --width "$w" --height "$h" --ssim-threshold "$ssim" --crop-x "$cx" --crop-y "$cy" --crop-width "$cw" --crop-height "$ch" "$flag" > "$dir/replay.log" 2>&1
[00:55:48] concurrent client rc=134
      1 [00:55:48] [Linux mobilegl_trace_/ERROR]: MGPipe: peer Refuse{Busy} one session is already active expected=0 actual=0
[00:55:52] long session rc=0
rc=0
result.json: {'passed': True, 'statusCode': 0, 'ssim': 0.999999511, 'message': 'retrace completed; ssim=1.000000, ssimThreshold=0.990000, mismatchPixels=520, matchedGoldenPath=/home/swung/w7/p7w7-tree-29b7b284/tools/trace_replay/fixtures/minecraft-1.21.4-startup.0000092195.png', 'matchedGoldenPath': '/home/swung/w7/p7w7-tree-29b7b284/tools/trace_replay/fixtures/minecraft-1.21.4-startup.0000092195.png'}
      2 [00:55:45] [Linux mobilegl_trace_/INFO]: MG_Remote client: surface=window 854x480 owner=server (MOBILEGL_IPC_SURFACE=server, 854x480 requested)
      1 [12:55:48] [Android mgl-srv-apply/INFO]: MG_Remote server: surface=window 854x480 owner=server (ServerOwned seq 6, window 0xb40000789ac32cb0 generation 1)
      1 [12:55:48] [Android mgl-srv-apply/INFO]: MG_Remote server: surface=window 854x480 owner=server (ServerOwned seq 2, window 0xb40000789ac32cb0 generation 1)
      1 [00:55:45] [Linux mobilegl_trace_/INFO]: MG_Remote client: control=tcp data=stream server=127.0.0.1:40613 pid=16893 dial=connect
<stdin>:15: DeprecationWarning: Image.Image.getdata is deprecated and will be removed in Pillow 14 (2027-10-15). Use get_flattened_data instead.
5 t=+  5.50s..+  5.83s during=True nonblack=0.261 mean=32.0
6 t=+  6.53s..+  6.84s during=True nonblack=0.261 mean=31.9
BEST during-replay screencap: 01.png at +1.36s nonblack=0.261 mean=31.8 -> /home/swung/w7/logs/p12/device/3-sequential-and-busy/long/evidence-during-replay.png
[00:55:53] :mglwin pid after: 16893
09-24 12:55:35.571 16893 18709 E MobileGL: [12:55:35] [Android mgl-display-ser/ERROR]: MG_Remote server: in-process session #2 started on a thread (pid=16893)
09-24 12:55:35.786 16893 16893 I MobileGLDisplay: geometry request 640x480 (setFixedSize, aspect-fit)
09-24 12:55:35.789 16893 18851 I MobileGL: [12:55:35] [Android mgl-srv-apply/INFO]: MG_Remote server: surface=window 640x480 owner=server (ServerOwned seq 2, window 0xb40000789ac32cb0 generation 1)
09-24 12:55:35.860 16893 16893 I MobileGLDisplay: geometry request 640x480 (setFixedSize, aspect-fit)
09-24 12:55:35.864 16893 18851 I MobileGL: [12:55:35] [Android mgl-srv-apply/INFO]: MG_Remote server: surface=window 640x480 owner=server (ServerOwned seq 6, window 0xb40000789ac32cb0 generation 1)
09-24 12:55:47.107 16893 18709 E MobileGL: [12:55:47] [Android mgl-display-ser/ERROR]: MG_Remote server: in-process session #2 pid=16893 reaped exit=0 sessionsFaulted=0
09-24 12:55:48.458 16893 18709 E MobileGL: [12:55:48] [Android mgl-display-ser/ERROR]: MG_Remote server: in-process session #3 started on a thread (pid=16893)
09-24 12:55:48.630 16893 16893 I MobileGLDisplay: geometry request 854x480 (setFixedSize, aspect-fit)
09-24 12:55:48.647 16893 16893 I MobileGLDisplay: surfaceChanged: server window 854x480 attached
09-24 12:55:48.650 16893 18956 I MobileGL: [12:55:48] [Android mgl-srv-apply/INFO]: MG_Remote server: surface=window 854x480 owner=server (ServerOwned seq 2, window 0xb40000789ac32cb0 generation 1)
09-24 12:55:48.697 16893 16893 I MobileGLDisplay: geometry request 854x480 (setFixedSize, aspect-fit)
09-24 12:55:48.701 16893 18956 I MobileGL: [12:55:48] [Android mgl-srv-apply/INFO]: MG_Remote server: surface=window 854x480 owner=server (ServerOwned seq 6, window 0xb40000789ac32cb0 generation 1)
09-24 12:55:51.238 16893 18709 E MobileGL: [12:55:51] [Android mgl-display-ser/ERROR]: MG_Remote server: Refuse{Busy} one session is already active
09-24 12:55:55.993 16893 18709 E MobileGL: [12:55:55] [Android mgl-display-ser/ERROR]: MG_Remote server: in-process session #3 pid=16893 reaped exit=0 sessionsFaulted=0
[00:55:53] done 3
