[00:56:56] === 6: MOBILEGL_IPC_SURFACE=server --window-surface against the offscreen service
[00:56:57] refused client rc=5
rc=5
result.json: {'passed': False, 'statusCode': 5, 'ssim': -1.0, 'message': 'retrace failed with status 1', 'matchedGoldenPath': ''}
      1 [12:57:00] [Android mgl-srv-apply/ERROR]: MG_Remote server: Refuse ServerOwned: this server owns no display - a client (MOBILEGL_IPC_SURFACE=server) asked for a 640x480 window surface on the server's own window, and this process is an offscreen server. Start the on-screen display server, or run the 
      1 [00:56:57] [Linux mobilegl_trace_/ERROR]: MG_Remote client: Refuse ServerOwned (NoServerDisplay) - MOBILEGL_IPC_SURFACE=server asked the server to create this 640x480 window surface on its own window, and the server owns no display: it is an offscreen server. eglCreateWindowSurface fails with EGL_BA
      1 [00:56:56] [Linux mobilegl_trace_/INFO]: MG_Remote client: control=tcp data=stream server=127.0.0.1:40613 pid=19702 dial=connect
      1 [00:56:57] [Linux mobilegl_trace_/ERROR]: MG_Remote client: Refuse ServerOwned (NoServerDisplay) - MOBILEGL_IPC_SURFACE=server asked the server to create this 640x480 window surface on its own window, and the server owns no display: it is an offscreen server. eglCreateWindowSurface fails with EGL_BA
      1 [12:57:00] [Android mgl-srv-apply/ERROR]: MG_Remote server: Refuse ServerOwned: this server owns no display - a client (MOBILEGL_IPC_SURFACE=server) asked for a 640x480 window surface on the server's own window, and this process is an offscreen server. Start the on-screen display server, or run the 
[00:56:57] === 6: the next offscreen session on the same service
[00:57:09] next offscreen rc=0
rc=0
result.json: {'passed': True, 'statusCode': 0, 'ssim': 1.0, 'message': 'retrace completed; ssim=1.000000, ssimThreshold=0.990000, mismatchPixels=0, matchedGoldenPath=/home/swung/w7/p7w7-tree-29b7b284/tools/trace_replay/fixtures/openra.0000031249.png', 'matchedGoldenPath': '/home/swung/w7/p7w7-tree-29b7b284/tools/trace_replay/fixtures/openra.0000031249.png'}
      2 [12:57:00] [Android mgl-srv-apply/INFO]: MG_Remote server: surface=pbuffer 640x480
      1 [00:56:57] [Linux mobilegl_trace_/INFO]: MG_Remote client: control=tcp data=stream server=127.0.0.1:40613 pid=19708 dial=connect
19605  1666 top.mobilegl.plugin.p7w1.trace:mglsrv top.mobilegl.plugin.p7w1.trace:mglsrv
19649 19605 libMobileGLServer.so        libMobileGLServer.so tcp://127.0.0.1:40613 --serve
19708 19649 [libMobileGLServ]           [libMobileGLServ]
09-24 12:56:59.590 19649 19649 E MobileGL: [12:56:59] [Android libMobileGLServ/ERROR]: MG_Remote server: session pid=19676 reaped exit=0 sessionsFaulted=0
09-24 12:57:00.090 19702 19704 E MobileGL: [12:57:00] [Android mgl-srv-apply/ERROR]: MG_Remote server: Refuse ServerOwned: this server owns no display - a client (MOBILEGL_IPC_SURFACE=server) asked for a 640x480 window surface on the server's own window, and this process is an offscreen server. Star
09-24 12:57:00.188 19649 19649 E MobileGL: [12:57:00] [Android libMobileGLServ/ERROR]: MG_Remote server: session pid=19702 reaped exit=0 sessionsFaulted=0
09-24 12:57:00.454 19708 19710 I MobileGL: [12:57:00] [Android mgl-srv-apply/INFO]: MG_Remote server: surface=pbuffer 640x480
09-24 12:57:00.577 19708 19710 I MobileGL: [12:57:00] [Android mgl-srv-apply/INFO]: MG_Remote server: surface=pbuffer 640x480
09-24 12:57:12.288 19649 19649 E MobileGL: [12:57:12] [Android libMobileGLServ/ERROR]: MG_Remote server: session pid=19708 reaped exit=0 sessionsFaulted=0
[00:57:09] done 6
