=== Android retrace: OpenRA / DirectVulkan (repeat 1/3) ===
C:\Users\geekerwan\AndroidStudioProjects\FoldCraftLauncher\MobileGL-disagg\.trace-work\android-retrace-fixture\OpenRA\openra.trace: 1 file pushed, 0 skipped. 51.5 MB/s (22192645 bytes in 0.411s)
C:\Users\geekerwan\AndroidStudioProjects\FoldCraftLauncher\MobileGL-disagg\tools\trace_replay\fixtures\openra.0000031249.png: 1 file pushed, 0 skipped. 23.8 MB/s (403752 bytes in 0.016s)
Starting: Intent { act=top.mobilegl.plugin.TRACE_REPLAY cmp=top.mobilegl.plugin.p7w1.trace/top.mobilegl.plugin.trace.TraceReplayActivity (has extras) }
{
  "passed": false,
  "statusCode": 6,
  "message": "retrace completed; ssim=0.976494, ssimThreshold=0.990000, mismatchPixels=14658, matchedGoldenPath=/data/user/0/top.mobilegl.plugin.p7w1.trace/files/trace-replay/input/golden.png",
  "tracePath": "/data/user/0/top.mobilegl.plugin.p7w1.trace/files/trace-replay/input/trace.trace",
  "goldenPath": "/data/user/0/top.mobilegl.plugin.p7w1.trace/files/trace-replay/input/golden.png",
  "alternateGoldenPaths": [],
  "matchedGoldenPath": "/data/user/0/top.mobilegl.plugin.p7w1.trace/files/trace-replay/input/golden.png",
  "actualPath": "/data/user/0/top.mobilegl.plugin.p7w1.trace/files/trace-replay/output/actual.png",
  "diffPath": "/data/user/0/top.mobilegl.plugin.p7w1.trace/files/trace-replay/output/OpenRA-diff.png",
  "backend": "DirectVulkan",
  "angleVariant": "",
  "targetFrame": -1,
  "targetCall": 31249,
  "width": 640,
  "height": 480,
  "cropX": 1,
  "cropY": 1,
  "cropWidth": 638,
  "cropHeight": 478,
  "ssim": 0.976493989,
  "ssimThreshold": 0.990000000,
  "useAngle": false,
  "usePbuffer": true,
  "avoidAngleLlvmpipeSamplerMipmapMinFilter": false,
  "avoidAngleLlvmpipeExplicitLodBias": false,
  "fixIterationRPSubgroupScratch": false,
  "deriveNumSubgroups": false,
  "iterationRPFixBarrier": false,
  "holdMs": 0,
  "mismatchPixels": 14658
}
trace-replay-ci.sh: tail of mobilegl.log:
[03:58:36] [Android mgl-srv-apply/INFO]:     VK_QCOM_render_pass_shader_resolve (r.4)
[03:58:36] [Android mgl-srv-apply/INFO]:     VK_KHR_maintenance1 (r.2)
[03:58:36] [Android mgl-srv-apply/INFO]:     VK_KHR_maintenance2 (r.1)
[03:58:36] [Android mgl-srv-apply/INFO]:     VK_KHR_maintenance3 (r.1)
[03:58:36] [Android mgl-srv-apply/INFO]:     VK_KHR_maintenance4 (r.2)
[03:58:36] [Android mgl-srv-apply/INFO]:     VK_KHR_maintenance5 (r.1)
[03:58:36] [Android mgl-srv-apply/INFO]:     VK_KHR_maintenance6 (r.1)
[03:58:36] [Android mgl-srv-apply/INFO]:     VK_KHR_separate_depth_stencil_layouts (r.1)
[03:58:36] [Android mgl-srv-apply/INFO]:     VK_EXT_image_robustness (r.1)
[03:58:36] [Android mgl-srv-apply/INFO]:     VK_EXT_calibrated_timestamps (r.2)
[03:58:36] [Android mgl-srv-apply/INFO]:     VK_KHR_buffer_device_address (r.1)
[03:58:36] [Android mgl-srv-apply/INFO]:     VK_EXT_extended_dynamic_state (r.1)
[03:58:36] [Android mgl-srv-apply/INFO]:     VK_EXT_queue_family_foreign (r.1)
[03:58:36] [Android mgl-srv-apply/INFO]:     VK_KHR_shader_quad_control (r.1)
[03:58:36] [Android mgl-srv-apply/INFO]:     VK_EXT_image_view_min_lod (r.1)
[03:58:36] [Android mgl-srv-apply/INFO]:     VK_ANDROID_external_format_resolve (r.1)
[03:58:36] [Android mgl-srv-apply/INFO]:     VK_QCOM_ycbcr_degamma (r.1)
[03:58:36] [Android mgl-srv-apply/INFO]:     VK_KHR_bind_memory2 (r.1)
[03:58:36] [Android mgl-srv-apply/INFO]:     VK_EXT_pipeline_protected_access (r.1)
[03:58:36] [Android mgl-srv-apply/INFO]:     VK_KHR_external_semaphore (r.1)
[03:58:36] [Android mgl-srv-apply/INFO]:     VK_KHR_shader_terminate_invocation (r.1)
[03:58:36] [Android mgl-srv-apply/INFO]:     VK_QCOM_fragment_density_map_offset (r.2)
[03:58:36] [Android mgl-srv-apply/INFO]:     VK_EXT_scalar_block_layout (r.1)
[03:58:36] [Android mgl-srv-apply/INFO]:     VK_KHR_map_memory2 (r.1)
[03:58:36] [Android mgl-srv-apply/INFO]:     VK_EXT_load_store_op_none (r.1)
[03:58:36] [Android mgl-srv-apply/INFO]:     VK_KHR_load_store_op_none (r.1)
[03:58:36] [Android mgl-srv-apply/INFO]:     VK_KHR_shader_maximal_reconvergence (r.1)
[03:58:36] [Android mgl-srv-apply/INFO]:     VK_KHR_sampler_ycbcr_conversion (r.14)
[03:58:36] [Android mgl-srv-apply/INFO]:     VK_EXT_vertex_attribute_divisor (r.3)
[03:58:36] [Android mgl-srv-apply/INFO]:     VK_KHR_variable_pointers (r.1)
[03:58:36] [Android mgl-srv-apply/INFO]:     VK_QCOM_multiview_per_view_viewports (r.1)
[03:58:36] [Android mgl-srv-apply/INFO]:     VK_KHR_ray_query (r.1)
[03:58:36] [Android mgl-srv-apply/INFO]:     VK_EXT_primitives_generated_query (r.1)
[03:58:36] [Android mgl-srv-apply/INFO]:     VK_KHR_push_descriptor (r.2)
[03:58:36] [Android mgl-srv-apply/INFO]:     VK_KHR_timeline_semaphore (r.2)
[03:58:36] [Android mgl-srv-apply/INFO]:     VK_EXT_device_memory_report (r.2)
[03:58:36] [Android mgl-srv-apply/INFO]:     VK_KHR_shader_subgroup_rotate (r.2)
[03:58:36] [Android mgl-srv-apply/INFO]:     VK_KHR_imageless_framebuffer (r.1)
[03:58:36] [Android mgl-srv-apply/INFO]:     VK_KHR_device_group (r.4)
[03:58:36] [Android mgl-srv-apply/INFO]:     VK_EXT_device_fault (r.2)
[03:58:36] [Android mgl-srv-apply/INFO]:     VK_KHR_relaxed_block_layout (r.1)
[03:58:36] [Android mgl-srv-apply/INFO]:     VK_KHR_shader_expect_assume (r.1)
[03:58:36] [Android mgl-srv-apply/INFO]:     VK_KHR_shader_atomic_int64 (r.1)
[03:58:36] [Android mgl-srv-apply/INFO]:     VK_KHR_external_fence (r.1)
[03:58:36] [Android mgl-srv-apply/INFO]:     VK_KHR_shader_non_semantic_info (r.1)
[03:58:36] [Android mgl-srv-apply/INFO]:     VK_EXT_shader_atomic_float (r.1)
[03:58:36] [Android mgl-srv-apply/INFO]:     VK_EXT_custom_border_color (r.12)
[03:58:36] [Android mgl-srv-apply/INFO]:     VK_EXT_host_query_reset (r.1)
[03:58:36] [Android mgl-srv-apply/INFO]:     VK_EXT_index_type_uint8 (r.1)
[03:58:36] [Android mgl-srv-apply/INFO]:     VK_KHR_multiview (r.1)
[03:58:36] [Android mgl-srv-apply/INFO]:     VK_KHR_storage_buffer_storage_class (r.1)
[03:58:36] [Android mgl-srv-apply/INFO]:     VK_EXT_fragment_density_map2 (r.1)
[03:58:36] [Android mgl-srv-apply/INFO]:     VK_QCOM_filter_cubic_weights (r.1)
[03:58:36] [Android mgl-srv-apply/INFO]:     VK_KHR_workgroup_memory_explicit_layout (r.1)
[03:58:36] [Android mgl-srv-apply/INFO]:     VK_QCOM_rotated_copy_commands (r.2)
[03:58:36] [Android mgl-srv-apply/INFO]:     VK_KHR_shader_subgroup_extended_types (r.1)
[03:58:36] [Android mgl-srv-apply/INFO]:     VK_EXT_external_memory_acquire_unmodified (r.1)
[03:58:36] [Android mgl-srv-apply/INFO]:     VK_EXT_private_data (r.1)
[03:58:36] [Android mgl-srv-apply/INFO]:     VK_EXT_descriptor_buffer (r.1)
[03:58:36] [Android mgl-srv-apply/INFO]:     VK_EXT_conditional_rendering (r.2)
[03:58:36] [Android mgl-srv-apply/INFO]:     VK_EXT_mutable_descriptor_type (r.1)
[03:58:36] [Android mgl-srv-apply/INFO]:     VK_EXT_pipeline_creation_cache_control (r.3)
[03:58:36] [Android mgl-srv-apply/INFO]:     VK_EXT_robustness2 (r.1)
[03:58:36] [Android mgl-srv-apply/INFO]:     VK_KHR_shader_clock (r.1)
[03:58:36] [Android mgl-srv-apply/INFO]:     VK_EXT_shader_module_identifier (r.1)
[03:58:36] [Android mgl-srv-apply/INFO]:     VK_KHR_vertex_attribute_divisor (r.1)
[03:58:36] [Android mgl-srv-apply/INFO]:     VK_EXT_global_priority_query (r.1)
[03:58:36] [Android mgl-srv-apply/INFO]:     VK_EXT_separate_stencil_usage (r.1)
[03:58:36] [Android mgl-srv-apply/INFO]:     VK_EXT_border_color_swizzle (r.1)
[03:58:36] [Android mgl-srv-apply/INFO]:     VK_EXT_vertex_input_dynamic_state (r.2)
[03:58:36] [Android mgl-srv-apply/INFO]:     VK_IMG_filter_cubic (r.1)
[03:58:36] [Android mgl-srv-apply/INFO]:     VK_EXT_filter_cubic (r.3)
[03:58:36] [Android mgl-srv-apply/INFO]:     VK_EXT_shader_subgroup_vote (r.1)
[03:58:36] [Android mgl-srv-apply/INFO]:     VK_EXT_device_address_binding_report (r.1)
[03:58:36] [Android mgl-srv-apply/INFO]:     VK_NV_optical_flow (r.1)
[03:58:36] [Android mgl-srv-apply/INFO]:     VK_QCOM_tile_properties (r.1)
[03:58:36] [Android mgl-srv-apply/INFO]:     VK_KHR_image_format_list (r.1)
[03:58:36] [Android mgl-srv-apply/INFO]:     VK_EXT_sampler_filter_minmax (r.2)
[03:58:36] [Android mgl-srv-apply/INFO]:     VK_KHR_16bit_storage (r.1)
[03:58:36] [Android mgl-srv-apply/INFO]:     VK_EXT_shader_viewport_index_layer (r.1)
[03:58:36] [Android mgl-srv-apply/INFO]:     VK_KHR_pipeline_executable_properties (r.1)
[03:58:36] [Android mgl-srv-apply/INFO]:     VK_EXT_shader_demote_to_helper_invocation (r.1)
[03:58:36] [Android mgl-srv-apply/INFO]:     VK_EXT_color_write_enable (r.1)
[03:58:36] [Android mgl-srv-apply/INFO]:     VK_KHR_dynamic_rendering_local_read (r.1)
[03:58:36] [Android mgl-srv-apply/INFO]:     VK_QCOM_render_pass_transform (r.4)
[03:58:36] [Android mgl-srv-apply/INFO]:     VK_KHR_create_renderpass2 (r.1)
[03:58:36] [Android mgl-srv-apply/INFO]:     VK_EXT_shader_image_atomic_int64 (r.1)
[03:58:36] [Android mgl-srv-apply/INFO]:     VK_KHR_acceleration_structure (r.13)
[03:58:36] [Android mgl-srv-apply/INFO]:     VK_EXT_depth_clip_control (r.1)
[03:58:36] [Android mgl-srv-apply/INFO]:     VK_EXT_transform_feedback (r.1)
[03:58:36] [Android mgl-srv-apply/INFO]:     VK_EXT_blend_operation_advanced (r.2)
[03:58:36] [Android mgl-srv-apply/INFO]:     VK_EXT_provoking_vertex (r.1)
[03:58:36] [Android mgl-srv-apply/INFO]:     VK_KHR_8bit_storage (r.1)
[03:58:36] [Android mgl-srv-apply/INFO]:     VK_QCOM_multiview_per_view_render_areas (r.1)
[03:58:36] [Android mgl-srv-apply/INFO]:     VK_EXT_inline_uniform_block (r.1)
[03:58:36] [Android mgl-srv-apply/INFO]:     VK_EXT_shader_subgroup_ballot (r.1)
[03:58:36] [Android mgl-srv-apply/INFO]:     VK_KHR_depth_stencil_resolve (r.1)
[03:58:36] [Android mgl-srv-apply/INFO]:     VK_KHR_shader_float_controls (r.4)
[03:58:36] [Android mgl-srv-apply/INFO]:     VK_EXT_texture_compression_astc_hdr (r.1)
[03:58:36] [Android mgl-srv-apply/INFO]:     VK_EXT_global_priority (r.2)
[03:58:36] [Android mgl-srv-apply/INFO]:     VK_EXT_4444_formats (r.1)
[03:58:36] [Android mgl-srv-apply/INFO]:     VK_KHR_shader_draw_parameters (r.1)
[03:58:36] [Android mgl-srv-apply/INFO]:     VK_KHR_vulkan_memory_model (r.3)
[03:58:36] [Android mgl-srv-apply/INFO]:     VK_EXT_descriptor_indexing (r.2)
[03:58:36] [Android mgl-srv-apply/INFO]:     VK_EXT_depth_clip_enable (r.1)
[03:58:36] [Android mgl-srv-apply/INFO]:     VK_KHR_synchronization2 (r.1)
[03:58:36] [Android mgl-srv-apply/INFO]:     VK_KHR_shader_integer_dot_product (r.1)
[03:58:36] [Android mgl-srv-apply/INFO]:     VK_EXT_line_rasterization (r.1)
[03:58:36] [Android mgl-srv-apply/INFO]:     VK_KHR_line_rasterization (r.1)
[03:58:36] [Android mgl-srv-apply/INFO]:     VK_QCOM_image_processing (r.1)
[03:58:36] [Android mgl-srv-apply/INFO]:     VK_KHR_shader_float_controls2 (r.1)
[03:58:36] [Android mgl-srv-apply/INFO]:     VK_KHR_fragment_shading_rate (r.2)
[03:58:36] [Android mgl-srv-apply/INFO]:     VK_KHR_descriptor_update_template (r.1)
[03:58:36] [Android mgl-srv-apply/INFO]:     VK_KHR_draw_indirect_count (r.1)
[03:58:36] [Android mgl-srv-apply/INFO]:     VK_KHR_driver_properties (r.1)
[03:58:36] [Android mgl-srv-apply/INFO]:     VK_KHR_ray_tracing_position_fetch (r.1)
[03:58:36] [Android mgl-srv-apply/INFO]:     VK_KHR_dynamic_rendering (r.1)
[03:58:36] [Android mgl-srv-apply/INFO]:     VK_KHR_zero_initialize_workgroup_memory (r.1)
[03:58:36] [Android mgl-srv-apply/INFO]:     VK_KHR_uniform_buffer_standard_layout (r.1)
[03:58:36] [Android mgl-srv-apply/INFO]:     VK_EXT_depth_clamp_zero_one (r.1)
[03:58:36] [Android mgl-srv-apply/INFO]:     VK_ANDROID_external_memory_android_hardware_buffer (r.5)
[03:58:36] [Android mgl-srv-apply/INFO]:     VK_EXT_image_2d_view_of_3d (r.1)
[03:58:36] [Android mgl-srv-apply/INFO]:     VK_EXT_extended_dynamic_state2 (r.1)
[03:58:36] [Android mgl-srv-apply/INFO]:     VK_KHR_dedicated_allocation (r.3)
[03:58:36] [Android mgl-srv-apply/INFO]:     VK_EXT_texel_buffer_alignment (r.1)
[03:58:36] [Android mgl-srv-apply/INFO]:     VK_EXT_primitive_topology_list_restart (r.1)
[03:58:36] [Android mgl-srv-apply/INFO]:     VK_EXT_rasterization_order_attachment_access (r.1)
[03:58:36] [Android mgl-srv-apply/INFO]:     VK_KHR_shader_subgroup_uniform_control_flow (r.1)
[03:58:36] [Android mgl-srv-apply/INFO]:     VK_EXT_tooling_info (r.1)
[03:58:36] [Android mgl-srv-apply/INFO]:     VK_KHR_format_feature_flags2 (r.2)
[03:58:36] [Android mgl-srv-apply/INFO]:     VK_KHR_global_priority (r.1)
[03:58:36] [Android mgl-srv-apply/INFO]:     VK_EXT_sample_locations (r.1)
[03:58:36] [Android mgl-srv-apply/INFO]:     VK_EXT_multi_draw (r.1)
[03:58:36] [Android mgl-srv-apply/INFO]:     VK_KHR_swapchain (r.70)
[03:58:36] [Android mgl-srv-apply/INFO]:     VK_KHR_sampler_mirror_clamp_to_edge (r.3)
[03:58:36] [Android mgl-srv-apply/INFO]:     VK_QCOM_image_processing2 (r.1)
[03:58:36] [Android mgl-srv-apply/INFO]:     VK_KHR_external_fence_fd (r.1)
[03:58:36] [Android mgl-srv-apply/INFO]: Required extension found: VK_KHR_swapchain
[03:58:36] [Android mgl-srv-apply/INFO]:     Picked physical device. (Reason: First suitable device)
[03:58:36] [Android mgl-srv-apply/INFO]: Picked physical device 0.
[03:58:36] [Android mgl-srv-apply/INFO]: Vulkan: multiViewport enabled; rasterizable viewports=16 (device limit 16, GL state width 16)
[03:58:36] [Android mgl-srv-apply/INFO]: Enabled optional device extension: VK_KHR_draw_indirect_count
[03:58:36] [Android mgl-srv-apply/INFO]: Enabled optional device extension: VK_KHR_shader_draw_parameters
[03:58:36] [Android mgl-srv-apply/INFO]: VK_KHR_image_format_list enabled: true
[03:58:36] [Android mgl-srv-apply/INFO]: VK_KHR_draw_indirect_count enabled: true
[03:58:36] [Android mgl-srv-apply/INFO]: Enabled optional device extension: VK_KHR_create_renderpass2
[03:58:36] [Android mgl-srv-apply/INFO]: Enabled optional device extension: VK_KHR_depth_stencil_resolve
[03:58:36] [Android mgl-srv-apply/INFO]: Vulkan: update-after-bind descriptor layouts enabled
[03:58:36] [Android mgl-srv-apply/INFO]: Enabled optional device extension: VK_KHR_index_type_uint8
[03:58:36] [Android mgl-srv-apply/INFO]: Enabled optional device extension: VK_EXT_primitive_topology_list_restart
[03:58:36] [Android mgl-srv-apply/INFO]: Enabled optional device extension: VK_EXT_custom_border_color (maxCustomBorderColorSamplers=4000)
[03:58:36] [Android mgl-srv-apply/INFO]: Enabled optional device extension: VK_EXT_subgroup_size_control (computeFullSubgroups)
[03:58:36] [Android mgl-srv-apply/INFO]: Enabled optional device extension: VK_EXT_transform_feedback
[03:58:36] [Android mgl-srv-apply/INFO]: Enabled optional device extension: VK_EXT_provoking_vertex (transformFeedbackPreservesProvokingVertex=false)
[03:58:36] [Android mgl-srv-apply/INFO]: Enabled optional device extension: VK_EXT_vertex_attribute_divisor
[03:58:36] [Android mgl-srv-apply/INFO]: Enabled optional device extension: VK_EXT_multi_draw (maxMultiDrawCount=1024)
[03:58:36] [Android mgl-srv-apply/INFO]: Device feature support: robustBufferAccess=true geometryShader=true independentBlend=true logicOp=true shaderClipDistance=true shaderCullDistance=true wideLines=true shaderInt64=true vertexStoresAtomics=true fragmentStoresAtomics=true storageImageExtendedFormats=true storageImageReadWithoutFormat=true storageImageWriteWithoutFormat=true drawIndirectFirstInstance=true multiDrawIndirect=true
[03:58:36] [Android mgl-srv-apply/INFO]: Device feature enabled: robustBufferAccess=true geometryShader=true independentBlend=true logicOp=true shaderClipDistance=true shaderCullDistance=true wideLines=true shaderInt64=true vertexStoresAtomics=true fragmentStoresAtomics=true storageImageExtendedFormats=true storageImageReadWithoutFormat=true storageImageWriteWithoutFormat=true drawIndirectFirstInstance=true multiDrawIndirect=true shaderDrawParameters=true
[03:58:36] [Android mgl-srv-apply/INFO]: Multi-draw dispatch tier: ext (VK_EXT_multi_draw=true, multiDrawIndirect=true, mode=auto)
[03:58:36] [Android mgl-srv-apply/INFO]: index type uint8 enabled: true
[03:58:36] [Android mgl-srv-apply/INFO]: Logical device created.
[03:58:36] [Android mgl-srv-apply/INFO]: Queues got successfully.
[03:58:36] [Android mgl-srv-apply/INFO]: Timer queries supported (timestampValidBits=48, timestampPeriod=52.083332 ns/tick)
[03:58:36] [Android mgl-srv-apply/INFO]: PRIMITIVES_GENERATED probe triangles: drawn=1 stream=0/1 pgq=0(0) stat=1(1)
[03:58:36] [Android mgl-srv-apply/INFO]: PRIMITIVES_GENERATED probe triangles+discard: drawn=1 stream=0/1 pgq=0(0) stat=0(1)
[03:58:36] [Android mgl-srv-apply/INFO]: PRIMITIVES_GENERATED probe patches+discard: drawn=1 stream=0/1 pgq=0(0) stat=0(1)
[03:58:36] [Android mgl-srv-apply/INFO]: PRIMITIVES_GENERATED for XFB-inactive draws will accumulate through a clipping-invocations pipeline-statistics pool
[03:58:36] [Android mgl-srv-apply/INFO]: Command pool created
[03:58:36] [Android mgl-srv-apply/INFO]: MaxFramesInFlight: configured request=3
[03:58:36] [Android mgl-srv-apply/INFO]: MaxFramesInFlight: using 3 (surface minImageCount=11, maxImageCount=64)
[03:58:36] [Android mgl-srv-apply/INFO]: CreateFrameContexts completed
[03:58:36] [Android mgl-srv-apply/INFO]: DirectVulkan: using 256 program descriptor bindings
[03:58:36] [Android mgl-srv-apply/INFO]: Got 5 surface formats:
[03:58:36] [Android mgl-srv-apply/INFO]: Picked surface format: [VK_FORMAT_R8G8B8A8_UNORM, VK_COLOR_SPACE_SRGB_NONLINEAR_KHR]
[03:58:36] [Android mgl-srv-apply/INFO]: Got 4 present modes:
[03:58:36] [Android mgl-srv-apply/INFO]: Picked present mode: VK_PRESENT_MODE_MAILBOX_KHR
[03:58:36] [Android mgl-srv-apply/INFO]: Set minImageCount = 11
[03:58:36] [Android mgl-srv-apply/INFO]: Swapchain currentTransform = VK_SURFACE_TRANSFORM_IDENTITY_BIT_KHR
[03:58:36] [Android mgl-srv-apply/INFO]: Swapchain imageUsage = 0x13 (supportedUsageFlags = 0x9f)
[03:58:36] [Android mgl-srv-apply/INFO]: Set swapchain preTransform = VK_SURFACE_TRANSFORM_IDENTITY_BIT_KHR
[03:58:36] [Android mgl-srv-apply/INFO]: Swapchain image views created
[03:58:36] [Android mgl-srv-apply/INFO]: Swapchain created, extent = 640x480, swapchain imageCount = 11
[03:58:36] [Android mgl-srv-apply/INFO]: DirectVulkan: suppressing depth writes on accumulation-blended pipelines (driver lacks cross-pipeline position invariance)
[03:58:36] [Android mgl-srv-apply/INFO]: Vulkan shader subgroup support: detected=true advertised=true size=64 stages=0x30 operations=0x2bf
[03:58:36] [Android mgl-srv-apply/INFO]: DirectVulkan: clamped GL_MAX_COMPUTE_SHADER_STORAGE_BLOCKS from 16777216 to 256
[03:58:36] [Android mgl-srv-apply/INFO]: DirectVulkan: clamped GL_MAX_COMBINED_SHADER_STORAGE_BLOCKS from 16777216 to 256
[03:58:36] [Android mgl-srv-apply/INFO]: DirectVulkan: clamped GL_MAX_COMPUTE_UNIFORM_BLOCKS from 16777216 to 256
[03:58:36] [Android mgl-srv-apply/INFO]: DirectVulkan: clamped GL_MAX_SHADER_STORAGE_BUFFER_BINDINGS from 16777216 to 256
[03:58:36] [Android mgl-srv-apply/INFO]: DirectVulkan: clamped GL_MAX_UNIFORM_BUFFER_BINDINGS from 16777216 to 256
[03:58:36] [Android mgl-srv-apply/INFO]: DirectVulkan: clamped GL_MAX_SHADER_STORAGE_BLOCK_SIZE from 2147483647 to 536870912
[03:58:36] [Android mgl-srv-apply/INFO]: Vulkan shader subgroup support: detected=true advertised=true size=64 stages=0x30 operations=0x2bf
[03:58:36] [Android mgl-srv-apply/INFO]: DirectVulkan: clamped GL_MAX_COMPUTE_SHADER_STORAGE_BLOCKS from 16777216 to 256
[03:58:36] [Android mgl-srv-apply/INFO]: DirectVulkan: clamped GL_MAX_COMBINED_SHADER_STORAGE_BLOCKS from 16777216 to 256
[03:58:36] [Android mgl-srv-apply/INFO]: DirectVulkan: clamped GL_MAX_COMPUTE_UNIFORM_BLOCKS from 16777216 to 256
[03:58:36] [Android mgl-srv-apply/INFO]: DirectVulkan: clamped GL_MAX_SHADER_STORAGE_BUFFER_BINDINGS from 16777216 to 256
[03:58:36] [Android mgl-srv-apply/INFO]: DirectVulkan: clamped GL_MAX_UNIFORM_BUFFER_BINDINGS from 16777216 to 256
[03:58:36] [Android mgl-srv-apply/INFO]: DirectVulkan: clamped GL_MAX_SHADER_STORAGE_BLOCK_SIZE from 2147483647 to 536870912
[03:58:36] [Android mgl-srv-apply/ERROR]: ProgramFactory: handing vkCreateShaderModule an INVALID module for program 2 stage 4 - a backend transform after the clip/XFB fixups broke it (The result pointer storage class and base pointer storage class in OpAccessChain do not match.
  %100 = OpAccessChain %_ptr_Input_float %151 %uint_2
)
trace replay failed: {'passed': False, 'statusCode': 6, 'message': 'retrace completed; ssim=0.976494, ssimThreshold=0.990000, mismatchPixels=14658, matchedGoldenPath=/data/user/0/top.mobilegl.plugin.p7w1.trace/files/trace-replay/input/golden.png', 'tracePath': '/data/user/0/top.mobilegl.plugin.p7w1.trace/files/trace-replay/input/trace.trace', 'goldenPath': '/data/user/0/top.mobilegl.plugin.p7w1.trace/files/trace-replay/input/golden.png', 'alternateGoldenPaths': [], 'matchedGoldenPath': '/data/user/0/top.mobilegl.plugin.p7w1.trace/files/trace-replay/input/golden.png', 'actualPath': '/data/user/0/top.mobilegl.plugin.p7w1.trace/files/trace-replay/output/actual.png', 'diffPath': '/data/user/0/top.mobilegl.plugin.p7w1.trace/files/trace-replay/output/OpenRA-diff.png', 'backend': 'DirectVulkan', 'angleVariant': '', 'targetFrame': -1, 'targetCall': 31249, 'width': 640, 'height': 480, 'cropX': 1, 'cropY': 1, 'cropWidth': 638, 'cropHeight': 478, 'ssim': 0.976493989, 'ssimThreshold': 0.99, 'useAngle': False, 'usePbuffer': True, 'avoidAngleLlvmpipeSamplerMipmapMinFilter': False, 'avoidAngleLlvmpipeExplicitLodBias': False, 'fixIterationRPSubgroupScratch': False, 'deriveNumSubgroups': False, 'iterationRPFixBarrier': False, 'holdMs': 0, 'mismatchPixels': 14658}
archived repeat 1 to .trace-work\p7w3\F1-openra-ra1\OpenRA-DirectVulkan\repeat-01
=== Android retrace: OpenRA / DirectVulkan (repeat 2/3) ===
Starting: Intent { act=top.mobilegl.plugin.TRACE_REPLAY cmp=top.mobilegl.plugin.p7w1.trace/top.mobilegl.plugin.trace.TraceReplayActivity (has extras) }
{
  "passed": true,
  "statusCode": 0,
  "message": "retrace completed; ssim=1.000000, ssimThreshold=0.990000, mismatchPixels=0, matchedGoldenPath=/data/user/0/top.mobilegl.plugin.p7w1.trace/files/trace-replay/input/golden.png",
  "tracePath": "/data/user/0/top.mobilegl.plugin.p7w1.trace/files/trace-replay/input/trace.trace",
  "goldenPath": "/data/user/0/top.mobilegl.plugin.p7w1.trace/files/trace-replay/input/golden.png",
  "alternateGoldenPaths": [],
  "matchedGoldenPath": "/data/user/0/top.mobilegl.plugin.p7w1.trace/files/trace-replay/input/golden.png",
  "actualPath": "/data/user/0/top.mobilegl.plugin.p7w1.trace/files/trace-replay/output/actual.png",
  "diffPath": "/data/user/0/top.mobilegl.plugin.p7w1.trace/files/trace-replay/output/OpenRA-diff.png",
  "backend": "DirectVulkan",
  "angleVariant": "",
  "targetFrame": -1,
  "targetCall": 31249,
  "width": 640,
  "height": 480,
  "cropX": 1,
  "cropY": 1,
  "cropWidth": 638,
  "cropHeight": 478,
  "ssim": 1.000000000,
  "ssimThreshold": 0.990000000,
  "useAngle": false,
  "usePbuffer": true,
  "avoidAngleLlvmpipeSamplerMipmapMinFilter": false,
  "avoidAngleLlvmpipeExplicitLodBias": false,
  "fixIterationRPSubgroupScratch": false,
  "deriveNumSubgroups": false,
  "iterationRPFixBarrier": false,
  "holdMs": 0,
  "mismatchPixels": 0
}
Android retrace: real inproc transport, strict role state and zero Fatal records confirmed
archived repeat 2 to .trace-work\p7w3\F1-openra-ra1\OpenRA-DirectVulkan\repeat-02
=== Android retrace: OpenRA / DirectVulkan (repeat 3/3) ===
Starting: Intent { act=top.mobilegl.plugin.TRACE_REPLAY cmp=top.mobilegl.plugin.p7w1.trace/top.mobilegl.plugin.trace.TraceReplayActivity (has extras) }
{
  "passed": true,
  "statusCode": 0,
  "message": "retrace completed; ssim=1.000000, ssimThreshold=0.990000, mismatchPixels=0, matchedGoldenPath=/data/user/0/top.mobilegl.plugin.p7w1.trace/files/trace-replay/input/golden.png",
  "tracePath": "/data/user/0/top.mobilegl.plugin.p7w1.trace/files/trace-replay/input/trace.trace",
  "goldenPath": "/data/user/0/top.mobilegl.plugin.p7w1.trace/files/trace-replay/input/golden.png",
  "alternateGoldenPaths": [],
  "matchedGoldenPath": "/data/user/0/top.mobilegl.plugin.p7w1.trace/files/trace-replay/input/golden.png",
  "actualPath": "/data/user/0/top.mobilegl.plugin.p7w1.trace/files/trace-replay/output/actual.png",
  "diffPath": "/data/user/0/top.mobilegl.plugin.p7w1.trace/files/trace-replay/output/OpenRA-diff.png",
  "backend": "DirectVulkan",
  "angleVariant": "",
  "targetFrame": -1,
  "targetCall": 31249,
  "width": 640,
  "height": 480,
  "cropX": 1,
  "cropY": 1,
  "cropWidth": 638,
  "cropHeight": 478,
  "ssim": 1.000000000,
  "ssimThreshold": 0.990000000,
  "useAngle": false,
  "usePbuffer": true,
  "avoidAngleLlvmpipeSamplerMipmapMinFilter": false,
  "avoidAngleLlvmpipeExplicitLodBias": false,
  "fixIterationRPSubgroupScratch": false,
  "deriveNumSubgroups": false,
  "iterationRPFixBarrier": false,
  "holdMs": 0,
  "mismatchPixels": 0
}
Android retrace: real inproc transport, strict role state and zero Fatal records confirmed
archived repeat 3 to .trace-work\p7w3\F1-openra-ra1\OpenRA-DirectVulkan\repeat-03
C:\Users\geekerwan\AndroidStudioProjects\FoldCraftLauncher\MobileGL-disagg\.trace-work\android-retrace-summary\mobilegl-android-retrace-overview.html
